// Jest Snapshot v1, https://goo.gl/fbAQLP

exports[`Header Header Component should match the snapshot 1`] = `
<div
  className="Header"
>
  <div>
    <h2>
      Palette Picker
    </h2>
  </div>
  <div
    className="btnContainer"
  >
    <WithStyles(Tooltip)
      title="Save Palette To Project"
    >
      <button
        className="saveBtn"
        onClick={[Function]}
      >
        <i
          className="fas fa-save"
        />
      </button>
    </WithStyles(Tooltip)>
    <WithStyles(Tooltip)
      title="Generate Colors!"
    >
      <button
        className="generateBtn"
        onClick={[Function]}
      >
        <i
          className="fas fa-plus"
        />
      </button>
    </WithStyles(Tooltip)>
  </div>
</div>
`;
