// Jest Snapshot v1, https://goo.gl/fbAQLP

exports[`Error should match the snapshot 1`] = `
<div>
  <h1>
    Error
  </h1>
</div>
`;
