// Jest Snapshot v1, https://goo.gl/fbAQLP

exports[`Loading should match the snapshot 1`] = `
<div
  className="Loading"
>
  <img
    alt="loading"
    className="Loading-logo"
    src="logo.svg"
  />
</div>
`;
